// Jest Snapshot v1, https://goo.gl/fbAQLP

exports[`kosko generate --prod 1`] = `
"---
apiVersion: apps/v1
kind: Deployment
metadata:
  annotations:
    kapp.k14s.io/disable-default-ownership-label-rules: ''
    kapp.k14s.io/disable-default-label-scoping-rules: ''
    app.gitlab.com/app: socialgouv-sample-next-app
    app.gitlab.com/env: prod
    app.gitlab.com/env.name: prod
  labels:
    app: app
    application: sample-next-app
    component: sample-next-app
    owner: sample-next-app
    team: sample-next-app
  name: app
  namespace: sample-next-app
spec:
  replicas: 1
  selector:
    matchLabels:
      app: app
  template:
    metadata:
      annotations:
        kapp.k14s.io/disable-default-ownership-label-rules: ''
        kapp.k14s.io/disable-default-label-scoping-rules: ''
        app.gitlab.com/app: socialgouv-sample-next-app
        app.gitlab.com/env: prod
        app.gitlab.com/env.name: prod
      labels:
        app: app
        application: sample-next-app
        component: sample-next-app
        owner: sample-next-app
        team: sample-next-app
    spec:
      containers:
        - image: ghcr.io/socialgouv/sample-next-app/app:v1.2.3
          livenessProbe:
            failureThreshold: 6
            httpGet:
              path: /healthz
              port: http
            initialDelaySeconds: 30
            periodSeconds: 5
            timeoutSeconds: 5
          name: app
          ports:
            - containerPort: 3000
              name: http
          readinessProbe:
            failureThreshold: 15
            httpGet:
              path: /healthz
              port: http
            initialDelaySeconds: 0
            periodSeconds: 5
            successThreshold: 1
            timeoutSeconds: 1
          resources:
            limits:
              cpu: 500m
              memory: 256Mi
            requests:
              cpu: 100m
              memory: 128Mi
          startupProbe:
            failureThreshold: 12
            httpGet:
              path: /healthz
              port: http
            periodSeconds: 5
            initialDelaySeconds: 15
          envFrom:
            - secretRef:
                name: azure-pg-user
            - secretRef:
                name: app-sealed-secret
            - configMapRef:
                name: app-configmap
      initContainers:
        - env:
            - name: WAIT_FOR_RETRIES
              value: '24'
          envFrom:
            - secretRef:
                name: azure-pg-user
          image: ghcr.io/socialgouv/docker/wait-for-postgres:6.56.1
          imagePullPolicy: Always
          name: wait-for-postgres
          resources:
            limits:
              cpu: 20m
              memory: 32Mi
            requests:
              cpu: 5m
              memory: 16Mi
---
apiVersion: bitnami.com/v1alpha1
kind: SealedSecret
metadata:
  creationTimestamp: null
  name: app-sealed-secret
  namespace: sample-next-app
  annotations:
    kapp.k14s.io/disable-default-ownership-label-rules: ''
    kapp.k14s.io/disable-default-label-scoping-rules: ''
    app.gitlab.com/app: socialgouv-sample-next-app
    app.gitlab.com/env: prod
    app.gitlab.com/env.name: prod
  labels:
    application: sample-next-app
    component: sample-next-app
    owner: sample-next-app
    team: sample-next-app
spec:
  encryptedData:
    SMTP_EMAIL_PASSWORD: >-
      AgBALuAy8FMnipiISs30CXaNMYmKWYF+J/0Ey1jUUNLC926nRNpniqDjjUlpA/SaQP0RvDXKdUKg4v3f595WyAsT6gL3Oq3UyK8iwKNUpJTwcF4wWuVDii2hcInUIK+wqkFLH4xG+UkWHBrWaLrnd3rQ0Kg8pcFA5L9XRj6BecHc0fGm+Uwd3Vlk+3CWQyK821eLDL+wjdqnj3ujbxNsfvfAqLZXLQ6CLPkFsNodH8qP1OLSkbWGMOgdRhRxP7HZa508++ZSY77cY/r3Yb/fD4h2FAW8IQS4tn1+5qNCsYeQaiglQJwfePPfjOHZs5M8zLORj5xxZ0XUugUOV2H3nWY3XqyAEV33rru351Nx3Ln5HcSS7IVCyXOSLtlCCtth8q3YFFy8z6RAXoiGyH9M6MMlUZvrMHi1g2LfHGGZmZYJYG93m/ecPL+lKCCtEn1B9SmSc6qoHQSxdvXhfv5wJH80Gys30LGeyR2ImjEPA+5Ibpx02jR+y+73lbQFGT1NR/QiovwDubhtI8a2XiyU7sQs6lysXpcmCXdcNVO3XBIWugGghTXTedOb1pFyBIatgkX2OOW96CLO83jmeYMX5lmXO4hcVJCZawkug6MRGjT8wo/EJNvoekT5Djw4hZ4thDg8WzuFa+fCnMki7h6alEHBOUBgHv4JBBysMpNuh3eMoVw8VvqddTC5z8N6iX2awPYrMEVa5ppOCP2TD6ALZ/NoSfBsAFekeIBWkgfkrbfMYA==
    SMTP_EMAIL_USER: >-
      AgApYSnX5gRMakn2yx6tv8mq2lAQtIPzv8xAVlnQzs1HeU7vVtE/2/piZ6WEX/+eVJWONiYFbFyOiQHmJdBfPN1jj7oY5BKBrpu9Srj5ci2Wmol566mUtCc/FxEHaTuAhaiqZsEFVDDDjoQxmnS4svmeIrA1dhHwrhKjzX1vCt+P3EC/aRcohCjtmdRuEeVGTsaMDPceGdNsVdN6Mbzq73nfkO2zZA4MnfpH5F1B+awz7hNy12lVeW6d2OpW6fyKYnv8TBRMO80vCeEvv+Vm3VQUaD/yT75ypPQY/4BbZyfrB58Ki+AZzQOz4cJ8h9qmXvs1LmysopfjZxM2ckBG47/UZFONEk44QkQFXTd9aCKRUD0uHRg5Mxe6ZEvU+VVH80R5Kjh8qY7DTfdV3UeWwd0/E9jnYfPBYQXaktqYM5CltgrmvHzrIzP+4tkjUgZGWoPMtndrVCtRdWx4TakP4cmAC9NWLVInpfACaoag5tX9deLAJ1K+f363ZFCIRlxmDIC+xjrn3oSgCRfGaJ6rqy3v2jjDjy7T9eyHpupS+GCNb1YCNc7SRk5YXG4MBO9w1dOOpENOfC+m+Z8mNJDG3uG1Nkn/lNg5/GX6WwB3OviHJo6EjkxZnPPqwXgjKnZSEeCbmiXsWcPJ4+LPMS+gPDYAhcM6THtcTxvVMp3heSsjHed9L5TsKu8pcfAdE8hXBmh71T4RxOXhnvCqSKGi4vygAL5cDc+i20DpyO/LkH8KZQ==
    SMTP_URL: >-
      AgBEdghMrr+4sREEr2oe9DozWVjZMCZW1pAjO89EVP4JgTDoEPyTrvuHQixWcZwGmcID9TYaQMMftMpltSzmmc1VBbXi/6zeTqofPg+/k+B3EIxtHjKRfzvt2XEgyXQx5+w2/dx3XB/DWmWO/AibnNmIUV/5pY5dXYnaaUNLbQ/R5FSsk2hAZROqtS/+PC2e0+LlU/cQvKO8GqFoxfF3Y51ioDEetCOjz1msML74dXkBnDwECl3fCPaNaz6aJOglEqQ8m1g8M+h1KrFE5OT0lbKROOBHQTM7QdJNzIe6oiBnPZV2sk7kM29u7S5425hZ6MlTVmebJmkjOUQLQVoNGcaKPdL653qqzHFgyPGESIavH1xeseVJJwrzadD/QTOw9NswINrF6qMBsp2MtU5RpZTdFlf7f2voc+JjJOW1hNE/NZY4k0r8f188FGUmHAsTMTBJEvxZS4n6pJfXzU9UpHkwNBOHBisVuvTuZX/8vz/KvlUZ+nPRUMNxqghZr3TYXApc1F2MhZntw9BmXw5VsvGePSAPXPbYbh10JLkyAtCu66f0Hyjl9Ay/nTdTNYar9lwzlbfifmFWyNpB72qvRofy75IvhyBm2tOh/G0ebT9MO/jYuJcGqoUYYaHI7r3VD8Gi7McEi1dzv8DzO3wyjrDQONBbuDU0j0mirOZbxAm2iK3YG8ElXei5br4RHv64V4I0LkYK0QtfcWoGKUlufeONNg==
  template:
    metadata:
      creationTimestamp: null
      name: app-sealed-secret
      annotations:
        kapp.k14s.io/disable-default-ownership-label-rules: ''
        kapp.k14s.io/disable-default-label-scoping-rules: ''
        app.gitlab.com/app: socialgouv-sample-next-app
        app.gitlab.com/env: prod
        app.gitlab.com/env.name: prod
      labels:
        application: sample-next-app
        component: sample-next-app
        owner: sample-next-app
        team: sample-next-app
    type: Opaque
---
apiVersion: v1
kind: ConfigMap
metadata:
  name: app-configmap
  annotations:
    kapp.k14s.io/disable-default-ownership-label-rules: ''
    kapp.k14s.io/disable-default-label-scoping-rules: ''
    app.gitlab.com/app: socialgouv-sample-next-app
    app.gitlab.com/env: prod
    app.gitlab.com/env.name: prod
  labels:
    application: sample-next-app
    component: sample-next-app
    owner: sample-next-app
    team: sample-next-app
  namespace: sample-next-app
data:
  NODE_ENV: production
  GRAPHQL_ENDPOINT: http://hasura/v1/graphql
  ACCOUNT_MAIL_SENDER: contact@fabrique.social.gouv.fr
  PRODUCTION: 'true'
---
apiVersion: v1
kind: Service
metadata:
  labels:
    app: app
    application: sample-next-app
    component: sample-next-app
    owner: sample-next-app
    team: sample-next-app
  name: app
  annotations:
    kapp.k14s.io/disable-default-ownership-label-rules: ''
    kapp.k14s.io/disable-default-label-scoping-rules: ''
    app.gitlab.com/app: socialgouv-sample-next-app
    app.gitlab.com/env: prod
    app.gitlab.com/env.name: prod
  namespace: sample-next-app
spec:
  ports:
    - name: http
      port: 80
      targetPort: 3000
  selector:
    app: app
  type: ClusterIP
---
apiVersion: networking.k8s.io/v1
kind: Ingress
metadata:
  annotations:
    kubernetes.io/ingress.class: nginx
    cert-manager.io/cluster-issuer: letsencrypt-prod
    kubernetes.io/tls-acme: 'true'
    kapp.k14s.io/disable-default-ownership-label-rules: ''
    kapp.k14s.io/disable-default-label-scoping-rules: ''
    app.gitlab.com/app: socialgouv-sample-next-app
    app.gitlab.com/env: prod
    app.gitlab.com/env.name: prod
  labels:
    app: app
    application: sample-next-app
    component: sample-next-app
    owner: sample-next-app
    team: sample-next-app
  name: app
  namespace: sample-next-app
spec:
  rules:
    - host: sample-next-app.fabrique.social.gouv.fr
      http:
        paths:
          - backend:
              service:
                name: app
                port:
                  name: http
            path: /
            pathType: Prefix
  tls:
    - hosts:
        - sample-next-app.fabrique.social.gouv.fr
      secretName: app-crt
---
apiVersion: apps/v1
kind: Deployment
metadata:
  annotations:
    kapp.k14s.io/disable-default-ownership-label-rules: ''
    kapp.k14s.io/disable-default-label-scoping-rules: ''
    app.gitlab.com/app: socialgouv-sample-next-app
    app.gitlab.com/env: prod
    app.gitlab.com/env.name: prod
  labels:
    app: hasura
    application: sample-next-app
    component: hasura
    owner: sample-next-app
    team: sample-next-app
  name: hasura
  namespace: sample-next-app
spec:
  replicas: 1
  selector:
    matchLabels:
      app: hasura
  template:
    metadata:
      annotations:
        kapp.k14s.io/disable-default-ownership-label-rules: ''
        kapp.k14s.io/disable-default-label-scoping-rules: ''
        app.gitlab.com/app: socialgouv-sample-next-app
        app.gitlab.com/env: prod
        app.gitlab.com/env.name: prod
      labels:
        app: hasura
        application: sample-next-app
        component: hasura
        owner: sample-next-app
        team: sample-next-app
    spec:
      containers:
        - image: ghcr.io/socialgouv/sample-next-app/hasura:v1.2.3
          livenessProbe:
            failureThreshold: 6
            httpGet:
              path: /healthz
              port: http
            initialDelaySeconds: 30
            periodSeconds: 5
            timeoutSeconds: 5
          name: hasura
          ports:
            - containerPort: 80
              name: http
          readinessProbe:
            failureThreshold: 15
            httpGet:
              path: /healthz
              port: http
            initialDelaySeconds: 0
            periodSeconds: 5
            successThreshold: 1
            timeoutSeconds: 1
          resources:
            limits:
              cpu: 500m
              memory: 512Mi
            requests:
              cpu: 100m
              memory: 64Mi
          startupProbe:
            failureThreshold: 12
            httpGet:
              path: /healthz
              port: http
            periodSeconds: 5
          envFrom:
            - secretRef:
                name: azure-pg-user
            - secretRef:
                name: hasura-sealed-secret
            - configMapRef:
                name: hasura-configmap
      initContainers:
        - env:
            - name: WAIT_FOR_RETRIES
              value: '24'
          envFrom:
            - secretRef:
                name: azure-pg-user
          image: ghcr.io/socialgouv/docker/wait-for-postgres:6.56.1
          imagePullPolicy: Always
          name: wait-for-postgres
          resources:
            limits:
              cpu: 20m
              memory: 32Mi
            requests:
              cpu: 5m
              memory: 16Mi
---
apiVersion: bitnami.com/v1alpha1
kind: SealedSecret
metadata:
  creationTimestamp: null
  name: hasura-sealed-secret
  annotations:
    kapp.k14s.io/disable-default-ownership-label-rules: ''
    kapp.k14s.io/disable-default-label-scoping-rules: ''
    app.gitlab.com/app: socialgouv-sample-next-app
    app.gitlab.com/env: prod
    app.gitlab.com/env.name: prod
  labels:
    application: sample-next-app
    component: hasura
    owner: sample-next-app
    team: sample-next-app
  namespace: sample-next-app
spec:
  encryptedData:
    ACCOUNT_EMAIL_SECRET: >-
      AgBc+UqJhU2ZBfuplyiI3pPekRjm36i62WYR1lVpM9PIwK636R78mpfckIeGU09qKAxWGYBqtYtvNP3lTG8OwEUqKLnUxZPZKbtwc78GwzEzaPpnWmM+j78uBDxqHDiW+jKwnD/6XiWxsfyd1ZU/qS0LDEJBnVRoDyUI0NxzFWLxG8ylr6oK3q+oD3338D588TimklZGOvRm/hI95d5uwKsYPz0zYOj28pgHzNMVycreOXi9l562agyg2hdb8AkFD41utLEURxJOomJUl2xZIjv6FX++R9OJQzRsX6WsCAkLZPO7VEi1cvG6QzPf/uchwystfQfW5c+5ofVJer5mLJJjFcO8OfNbsg/JYlndv4F90cjH2dojSHv/qH/ddpObPgkDpVzCljdTvrir5bl3z3KeqLb20ja1hLJlwOue4zHDCQ6Fwza8VN6BjbHZLYhOO5qlYfWezjwt+B6RdFVzD8wu2JbuWsJo5w2HhMl2Nckar1B8CPxzgRXnFwc/QsFTDXOXX+rtxnC4FJfffZ/2frV745c642AhOArDxk8OGDFkrexr5OMv0iJcY15cl6K9dfZWOKfFd5mxfWFhDWUSAoUZJsz4uVxpTCCoSJBe8Nf1aKk7PkZ+bXtV5bpuktySoPh0hG1M1dUg0WsSC2i6zp75AUxVW6c4GG7d9FMsTHIwyD7fEbV3TMRanSRFYNPOmft/oI7Q3oNGOGg26KCtX414FG02EnpmrttHQguY7cnHGG7i7s8mnyGv
    HASURA_GRAPHQL_ADMIN_SECRET: >-
      AgAQ9npiVSZcI8IA6kHHQ9tMaKYahCPmiYh9PoEmKIvisGCM4hQ2Q+UUoUvA2N3Id/GCxNZh3hqmTjLp+mHPy0e8rr9+/WVB5jrrqWO/oX2R1kXq0dbITF27UOjmTaUkZefPf7diHKpCXKGamkP6YbVuZa+1BBmBBfkIDJsraKO1CS/EO0QZAb0fHJiOkNy30j4pTTlg16JdugEj3kXdXXXZD/F8OyvlLBY1jivC/uFMGppNh1eRivgi4Y+krCDCuLphAa5YVslLMf7bboDD5Tk1b2HOCNYxQ96dxvkqCVtNd2rxXfDsYy9vMbQfYnsBjsIT7VZhk3GaMpVmPTRjp89XQDvj86+PrPtuFlgmfLrNvbvcqJ30y5lkD46c4Bd9zgwN4FeeVuY/oCKgfrN1qdCOT+ZYchkVQuCbKT+qK0gfOkYRt+B5feL5MtaEXX2MyhPS8wCvNLyAEth6NbmYxdXOPBXQrfGNcZYg/qjeB/muAzkd4wEPsR9ExoY5envlJ8Mx8LUQ/7A2tRp1jd+uy8s1hdb94BgOhcCqgzdqRkIVp40GiVHzVkFWQEkMEoX1Mw4iifs0QtAZu8qPyFWYORf9fty8zG/WX0RStdYbTuahCLb+Vqs2A5UEbg8nRdfl16aZJ3RY2fIoF1kYNG7XiZmp+bltOOqvYcOBnAr3Dy/y1PV1NrBMCULxibM57+nRyXrJe6TYLrJWPnp7meLLKppKPN3tgvx21s1/8bpbxC0xgshPZFgXQXgB
    HASURA_GRAPHQL_JWT_SECRET: >-
      AgAyuiPLqj0UMvhEkyEGF04LOp8al2O59/YGOei4hfkqcEw83rmJnb/o3nz96oLYG4gX/JlMT8grhUmR8wPG+Ah5UDuGK9POP75YYyNDQ05FrMDPCjQtEXNslqNp+oVS91ONUwJ7ARUr47vfQdxRoK03cFCboY0wEF8HMZzRjn5fXccttyT21kJV75Y0MtCif5jNCj+gtX2DIP9dNfvAJKCvOCzNJDALLmhv4tY71ZquGAiXf/+mJVP5ugRjFL0wYoKThAr3vph5cOPUo44swVilESu54gAoRlPNxFgOBXHS5Uu0VWryzTJyQGOElkYCxyBC45YzFZGMB3RWxaZtuForw76bD0RYWTVNsI+N/KmZdbYZO5Cs6HdqE2nptb3QAgpH0JOeWnzZGxTmkSOpEwCUGCJG+7ApPB5obIaVMZG39lWvZc/VTBZkTr7ufvOyIvwtYc9eh+AiNSy02gUXMzIkxK/eyWmKXowJcqXYK8K9iIgkLfMclUdWFQtHCN0h4OEyenRreP9qX8E34eeZ1ZwiDgJGOki8Ys4bphaFjSXZd82KRwuHDTIamAEGCUm7rLW9yOGE77AJpBTdqt2Qz9SUCXWbJewukbvtZwVtAEpEI/O+/KKNinObH0Lmhj8bRLn01rLgt9WsB972vEjboyzkT2gC7/G2Nx8O3IFiiJ9Ki5/hko5A4oorXdkCfuP7UfiKFR/pkXKqCOMrqi7uD7N0/qNtZ2j3satfeInOEldn1M6h7mz2IiRdszxq/RTsdFEO6h3X3lZLELXcDjgkZqCMXaPToAPRS2EKi6Ihs151VepGAerGOeq+DL+NU1aOwenivXe91vqDm9O0Cc3K756VBkUZA7ufFp3RKujk5fWygk0N8w0Zd9qU/tL7NqE/5n8xIdknzBI+qoHCrrOTnyMUpUEPuYbxY2lYkhb/4Afzte2nyM0K50I/4imEYWVsC+vNQ59OeYCoYcJBe19D+dm2rfxvYgy/H7scFjsl9rwCe23aPWQOJBJvcEnmgKOMRkG0cw6gvhBPVZ2w8gvIAfffLsj+zsag1izfgzcaajrfRr/kkxYk6R6Gz5tdjYSUz6P1Xk8LyCyB6st9IE433qlel4bwxjwh1CYz3pGUvAwj+TKsAF4xeiFd/LN3nitE74yGAOerbB/MrQqCcGbD6Anz2DWaFkhRxYKlJQsyy1rsxPzfo2wr8W/zpX7Jf17fHXJ96OG/WV2uZvudw7EjVdvxLhauabodjh3eC1/Kn9yvxJ5GTQLjJ04C/o7QgiIz+vNyxSqfvWf6zAsPJrAoHZXXoPbOaZVG2Sx1eWrhEIi8eV2z1x54SKLM0yy8lRTc2170AhLxqf4PaDTMR4ZTkhaIwPONeAIdHGnk3DVgYa/97WNO3j48ZnXwjKvp8mcKoe2Q9Y3WYuu4XafZg9UdDLbtePJiBlSF42uUbZsS4/oEU8ErRyodcOQPUYEM5SGuxceTvyxi6v7zhgYv3TiwWGgkoxznvFZ9H8m3SN0hCY4TINo9bnBAm2XRzZrhmGRpoKTOvQbkIXKoOzKeoQRgopjUdWW5X4EcKOW76X7B20x+2sPVkqwN/u5KFX3+HY3z1ui1+nIIKlbjUCY17QwxuVDP7yMU6xeBhtwUz0FkFGyHuSbrk+NhpA==
  template:
    metadata:
      creationTimestamp: null
      name: hasura-sealed-secret
      annotations:
        kapp.k14s.io/disable-default-ownership-label-rules: ''
        kapp.k14s.io/disable-default-label-scoping-rules: ''
        app.gitlab.com/app: socialgouv-sample-next-app
        app.gitlab.com/env: prod
        app.gitlab.com/env.name: prod
      labels:
        application: sample-next-app
        component: hasura
        owner: sample-next-app
        team: sample-next-app
    type: Opaque
---
apiVersion: v1
kind: ConfigMap
metadata:
  name: hasura-configmap
  annotations:
    kapp.k14s.io/disable-default-ownership-label-rules: ''
    kapp.k14s.io/disable-default-label-scoping-rules: ''
    app.gitlab.com/app: socialgouv-sample-next-app
    app.gitlab.com/env: prod
    app.gitlab.com/env.name: prod
  labels:
    application: sample-next-app
    component: hasura
    owner: sample-next-app
    team: sample-next-app
  namespace: sample-next-app
data:
  HASURA_GRAPHQL_ENABLE_CONSOLE: 'false'
  HASURA_GRAPHQL_SERVER_PORT: '80'
  HASURA_GRAPHQL_ENABLED_LOG_TYPES: startup, http-log, webhook-log, websocket-log, query-log
  HASURA_GRAPHQL_NO_OF_RETRIES: '5'
  HASURA_GRAPHQL_UNAUTHORIZED_ROLE: anonymous
  ACCOUNT_EMAIL_WEBHOOK_URL: http://app:3000/api/webhooks/account
---
apiVersion: v1
kind: Service
metadata:
  labels:
    app: hasura
    application: sample-next-app
    component: hasura
    owner: sample-next-app
    team: sample-next-app
  name: hasura
  annotations:
    kapp.k14s.io/disable-default-ownership-label-rules: ''
    kapp.k14s.io/disable-default-label-scoping-rules: ''
    app.gitlab.com/app: socialgouv-sample-next-app
    app.gitlab.com/env: prod
    app.gitlab.com/env.name: prod
  namespace: sample-next-app
spec:
  ports:
    - name: http
      port: 80
      targetPort: 80
  selector:
    app: hasura
  type: ClusterIP
"
`;
